
Discarded input sections

 .group         0x00000000        0x8 build/console.o
 .group         0x00000000        0x8 build/console.o
 .group         0x00000000        0x8 build/main.o
 .text.__x86.get_pc_thunk.bx
                0x00000000        0x4 build/main.o
 .group         0x00000000        0x8 build/string.o
 .group         0x00000000        0x8 build/gdt.o
 .text.__x86.get_pc_thunk.ax
                0x00000000        0x4 build/gdt.o
 .group         0x00000000        0x8 build/traps.o
 .group         0x00000000        0x8 build/traps.o
 .group         0x00000000        0x8 build/traps.o
 .text.__x86.get_pc_thunk.ax
                0x00000000        0x4 build/traps.o
 .text.__x86.get_pc_thunk.bx
                0x00000000        0x4 build/traps.o
 .group         0x00000000        0x8 build/keyboard.o
 .group         0x00000000        0x8 build/keyboard.o
 .text.__x86.get_pc_thunk.dx
                0x00000000        0x4 build/keyboard.o
 .text.__x86.get_pc_thunk.bx
                0x00000000        0x4 build/keyboard.o
 .group         0x00000000        0x8 build/unistd.o
 .text.__x86.get_pc_thunk.bx
                0x00000000        0x4 build/unistd.o
 .group         0x00000000        0x8 build/sched.o
 .group         0x00000000        0x8 build/sched.o
 .group         0x00000000        0x8 build/sched.o
 .text.__x86.get_pc_thunk.ax
                0x00000000        0x4 build/sched.o
 .text.__x86.get_pc_thunk.dx
                0x00000000        0x4 build/sched.o
 .text.__x86.get_pc_thunk.bx
                0x00000000        0x4 build/sched.o
 .group         0x00000000        0x8 build/mm.o
 .text.__x86.get_pc_thunk.bx
                0x00000000        0x4 build/mm.o

Memory Configuration

Name             Origin             Length             Attributes
*default*        0x00000000         0xffffffff

Linker script and memory map

                0x00100000                        . = 0x100000

.text           0x00100000     0x1588
 *(.text)
 .text          0x00100000      0x2e1 build/console.o
                0x00100000                kernel_panic
                0x00100012                put_c
                0x0010004d                enable_cursor
                0x001000c8                update_cursor
                0x00100126                scroll
                0x00100178                printk
                0x00100236                clear
                0x001002b9                ConsoleInstall
 .text          0x001002e1      0x15d build/main.o
                0x001002e1                funct3
                0x0010032c                funct2
                0x00100377                funct
                0x001003c2                kernel_main
 *fill*         0x0010043e        0x2 
 .text          0x00100440       0x3a build/entry.asm.o
                0x0010044c                start
                0x0010045d                remapPIC
 .text          0x0010047a       0xa8 build/string.o
                0x0010047a                strlen
                0x0010048a                strcmp
                0x001004ab                itoa
 .text          0x00100522      0x10c build/gdt.o
                0x00100522                setGdtDescriptor
                0x00100568                addTssDescriptor
                0x0010059a                GdtInstall
 .text          0x0010062e      0x4c3 build/traps.o
                0x0010062e                zero_handler
                0x0010064e                syscall_handler
                0x00100679                pit_handler
                0x001006b8                keyboard_handler
                0x001006dc                setIdtDescriptor
                0x00100711                panic
                0x00100966                invalid_tss_handler
                0x00100981                double_fault_handler
                0x0010099c                page_fault_handler
                0x001009b7                coprocessor_error_handler
                0x001009d2                overflow_handler
                0x001009ed                bounds_handler
                0x00100a08                general_protection_handler
                0x00100a23                IdtInstall
 *fill*         0x00100af1        0xf 
 .text          0x00100b00       0x41 build/io.asm.o
                0x00100b00                insb
                0x00100b09                insw
                0x00100b13                inl
                0x00100b1c                outb
                0x00100b28                outw
                0x00100b35                outl
 .text          0x00100b41      0x6cd build/keyboard.o
                0x00100b41                addCharacter
                0x00100b6f                keyboard_handler_ext
 .text          0x0010120e       0x1d build/unistd.o
                0x0010120e                sleep
 .text          0x0010122b      0x2c5 build/sched.o
                0x0010122b                yo
                0x0010122c                func
                0x0010124c                check_callouts
                0x0010127b                do_sleep
                0x001012af                createProcess
                0x0010137e                is_valid_process
                0x001013a0                getCurrentPID
                0x001013b3                copyProcess
                0x0010142c                switch_to
                0x0010147c                yield
                0x001014d9                switch_current
 .text          0x001014f0       0x69 build/mm.o
                0x001014f0                init_paging
 *fill*         0x00101559        0x7 
 .text          0x00101560       0x18 build/mm.asm.o
                0x00101560                enablePaging
                0x0010156d                loadPageDirectory
 *fill*         0x00101578        0x8 
 .text          0x00101580        0x8 build/traps.asm.o
                0x00101580                pit_handler_stub

.text.__x86.get_pc_thunk.ax
                0x00101588        0x4
 .text.__x86.get_pc_thunk.ax
                0x00101588        0x4 build/console.o
                0x00101588                __x86.get_pc_thunk.ax

.text.__x86.get_pc_thunk.bx
                0x0010158c        0x4
 .text.__x86.get_pc_thunk.bx
                0x0010158c        0x4 build/console.o
                0x0010158c                __x86.get_pc_thunk.bx

.iplt           0x00101590        0x0
 .iplt          0x00101590        0x0 build/console.o

.text.__x86.get_pc_thunk.dx
                0x00101590        0x4
 .text.__x86.get_pc_thunk.dx
                0x00101590        0x4 build/string.o
                0x00101590                __x86.get_pc_thunk.dx

.text.__x86.get_pc_thunk.cx
                0x00101594        0x4
 .text.__x86.get_pc_thunk.cx
                0x00101594        0x4 build/traps.o
                0x00101594                __x86.get_pc_thunk.cx

.asm
 *(.asm)

.rodata
 *(.rodata)

.rodata.str1.1  0x00101598      0x2c3
 .rodata.str1.1
                0x00101598      0x2c3 build/console.o
                                 0x33 (size before relaxing)
 .rodata.str1.1
                0x0010185b       0x6d build/main.o
 .rodata.str1.1
                0x0010185b       0x48 build/string.o
 .rodata.str1.1
                0x0010185b      0x148 build/traps.o
 .rodata.str1.1
                0x0010185b       0x9a build/keyboard.o
 .rodata.str1.1
                0x0010185b       0x16 build/sched.o

.eh_frame       0x0010185c      0xa58
 .eh_frame      0x0010185c      0x210 build/console.o
 .eh_frame      0x00101a6c       0xd8 build/main.o
                                0x104 (size before relaxing)
 .eh_frame      0x00101b44       0x74 build/string.o
                                 0x8c (size before relaxing)
 .eh_frame      0x00101bb8       0x58 build/gdt.o
                                 0x84 (size before relaxing)
 .eh_frame      0x00101c10      0x2fc build/traps.o
                                0x33c (size before relaxing)
 .eh_frame      0x00101f0c      0x1e8 build/keyboard.o
                                0x228 (size before relaxing)
 .eh_frame      0x001020f4       0x24 build/unistd.o
                                 0x50 (size before relaxing)
 .eh_frame      0x00102118      0x164 build/sched.o
                                0x1b8 (size before relaxing)
 .eh_frame      0x0010227c       0x38 build/mm.o
                                 0x64 (size before relaxing)

.rel.dyn        0x001022b4        0x0
 .rel.got       0x001022b4        0x0 build/console.o
 .rel.iplt      0x001022b4        0x0 build/console.o

.data           0x00103000        0x4
 *(.data)
 .data          0x00103000        0x0 build/console.o
 .data          0x00103000        0x0 build/main.o
 .data          0x00103000        0x0 build/string.o
 .data          0x00103000        0x0 build/gdt.o
 .data          0x00103000        0x0 build/traps.o
 .data          0x00103000        0x0 build/keyboard.o
 .data          0x00103000        0x0 build/unistd.o
 .data          0x00103000        0x4 build/sched.o
 .data          0x00103004        0x0 build/mm.o

.got            0x00103004        0x0
 .got           0x00103004        0x0 build/console.o

.got.plt        0x00103004        0xc
 .got.plt       0x00103004        0xc build/console.o
                0x00103004                _GLOBAL_OFFSET_TABLE_

.igot.plt       0x00103010        0x0
 .igot.plt      0x00103010        0x0 build/console.o

.data.rel.local
                0x00103010        0x8
 .data.rel.local
                0x00103010        0x8 build/sched.o
                0x00103010                next
                0x00103014                current

.bss            0x00104000   0x428000
 *(COMMON)
 *(.bss)
 .bss           0x00104000       0x10 build/console.o
                0x00104000                value
                0x00104004                y
                0x00104008                x
                0x0010400c                framebuffer
 .bss           0x00104010        0xc build/main.o
                0x00104010                process3
                0x00104014                newProc
                0x00104018                newProcess
 .bss           0x0010401c    0x10000 build/entry.asm.o
 .bss           0x0011401c        0x0 build/string.o
 *fill*         0x0011401c        0x4 
 .bss           0x00114020    0x10006 build/gdt.o
                0x00114020                gdt_table
                0x00124020                Gdtr
 *fill*         0x00124026        0x2 
 .bss           0x00124028      0x830 build/traps.o
                0x00124028                ticks
                0x00124030                idt_table
                0x00124830                Idtr
                0x00124838                current_eip
                0x0012483c                current_esp
                0x00124840                current_esi
                0x00124844                current_edi
                0x00124848                current_ebx
                0x0012484c                current_edx
                0x00124850                current_ecx
                0x00124854                current_eax
 *fill*         0x00124858        0x8 
 .bss           0x00124860     0x3038 build/keyboard.o
                0x00124860                pos
                0x00124864                scancode
                0x00124880                keyboard_buffer
 .bss           0x00127898        0x0 build/unistd.o
 *fill*         0x00127898        0x8 
 .bss           0x001278a0     0x2700 build/sched.o
                0x001278a0                processes_table
                0x00129da0                callouts
 *fill*         0x00129fa0       0x60 
 .bss           0x0012a000   0x402000 build/mm.o
                0x0012a000                phys_dir
                0x0012b000                page_tables
                0x0052b000                page_directory
LOAD build/console.o
LOAD build/main.o
LOAD build/entry.asm.o
LOAD build/string.o
LOAD build/gdt.o
LOAD build/traps.o
LOAD build/io.asm.o
LOAD build/keyboard.o
LOAD build/unistd.o
LOAD build/sched.o
LOAD build/mm.o
LOAD build/mm.asm.o
LOAD build/traps.asm.o
OUTPUT(iso/boot/kernel elf32-i386)

.debug_info     0x00000000     0x2894
 .debug_info    0x00000000      0x446 build/console.o
 .debug_info    0x00000446      0x54b build/main.o
 .debug_info    0x00000991      0x1d8 build/string.o
 .debug_info    0x00000b69      0x6db build/gdt.o
 .debug_info    0x00001244      0x8e3 build/traps.o
 .debug_info    0x00001b27      0x466 build/keyboard.o
 .debug_info    0x00001f8d       0xaf build/unistd.o
 .debug_info    0x0000203c      0x6d8 build/sched.o
 .debug_info    0x00002714      0x180 build/mm.o

.debug_abbrev   0x00000000      0xddd
 .debug_abbrev  0x00000000      0x1c0 build/console.o
 .debug_abbrev  0x000001c0      0x186 build/main.o
 .debug_abbrev  0x00000346       0xec build/string.o
 .debug_abbrev  0x00000432      0x1f9 build/gdt.o
 .debug_abbrev  0x0000062b      0x1d0 build/traps.o
 .debug_abbrev  0x000007fb      0x11a build/keyboard.o
 .debug_abbrev  0x00000915       0x79 build/unistd.o
 .debug_abbrev  0x0000098e      0x334 build/sched.o
 .debug_abbrev  0x00000cc2      0x11b build/mm.o

.debug_loclists
                0x00000000      0x60b
 .debug_loclists
                0x00000000      0x12b build/console.o
 .debug_loclists
                0x0000012b       0x26 build/main.o
 .debug_loclists
                0x00000151      0x14e build/string.o
 .debug_loclists
                0x0000029f      0x1d2 build/gdt.o
 .debug_loclists
                0x00000471       0x40 build/traps.o
 .debug_loclists
                0x000004b1       0xef build/sched.o
 .debug_loclists
                0x000005a0       0x6b build/mm.o

.debug_aranges  0x00000000      0x120
 .debug_aranges
                0x00000000       0x20 build/console.o
 .debug_aranges
                0x00000020       0x20 build/main.o
 .debug_aranges
                0x00000040       0x20 build/string.o
 .debug_aranges
                0x00000060       0x20 build/gdt.o
 .debug_aranges
                0x00000080       0x20 build/traps.o
 .debug_aranges
                0x000000a0       0x20 build/keyboard.o
 .debug_aranges
                0x000000c0       0x20 build/unistd.o
 .debug_aranges
                0x000000e0       0x20 build/sched.o
 .debug_aranges
                0x00000100       0x20 build/mm.o

.debug_rnglists
                0x00000000       0xcd
 .debug_rnglists
                0x00000000       0x34 build/console.o
 .debug_rnglists
                0x00000034       0x3c build/gdt.o
 .debug_rnglists
                0x00000070       0x39 build/sched.o
 .debug_rnglists
                0x000000a9       0x24 build/mm.o

.debug_line     0x00000000     0x11ba
 .debug_line    0x00000000      0x2da build/console.o
 .debug_line    0x000002da      0x11e build/main.o
 .debug_line    0x000003f8      0x143 build/string.o
 .debug_line    0x0000053b      0x18e build/gdt.o
 .debug_line    0x000006c9      0x215 build/traps.o
 .debug_line    0x000008de      0x433 build/keyboard.o
 .debug_line    0x00000d11       0x5f build/unistd.o
 .debug_line    0x00000d70      0x361 build/sched.o
 .debug_line    0x000010d1       0xe9 build/mm.o

.debug_str      0x00000000      0x648
 .debug_str     0x00000000      0x648 build/console.o
                                0x225 (size before relaxing)
 .debug_str     0x00000648      0x29a build/main.o
 .debug_str     0x00000648      0x1a9 build/string.o
 .debug_str     0x00000648      0x295 build/gdt.o
 .debug_str     0x00000648      0x410 build/traps.o
 .debug_str     0x00000648      0x1df build/keyboard.o
 .debug_str     0x00000648      0x184 build/unistd.o
 .debug_str     0x00000648      0x339 build/sched.o
 .debug_str     0x00000648      0x1d3 build/mm.o

.debug_line_str
                0x00000000      0x12e
 .debug_line_str
                0x00000000      0x12e build/console.o
                                 0xa5 (size before relaxing)
 .debug_line_str
                0x0000012e       0xac build/main.o
 .debug_line_str
                0x0000012e       0x79 build/string.o
 .debug_line_str
                0x0000012e       0x93 build/gdt.o
 .debug_line_str
                0x0000012e       0xbc build/traps.o
 .debug_line_str
                0x0000012e       0xa9 build/keyboard.o
 .debug_line_str
                0x0000012e       0x59 build/unistd.o
 .debug_line_str
                0x0000012e       0xa3 build/sched.o
 .debug_line_str
                0x0000012e       0x7c build/mm.o

.comment        0x00000000       0x2d
 .comment       0x00000000       0x2d build/console.o
                                 0x2e (size before relaxing)
 .comment       0x0000002d       0x2e build/main.o
 .comment       0x0000002d       0x2e build/string.o
 .comment       0x0000002d       0x2e build/gdt.o
 .comment       0x0000002d       0x2e build/traps.o
 .comment       0x0000002d       0x2e build/keyboard.o
 .comment       0x0000002d       0x2e build/unistd.o
 .comment       0x0000002d       0x2e build/sched.o
 .comment       0x0000002d       0x2e build/mm.o

.note.GNU-stack
                0x00000000        0x0
 .note.GNU-stack
                0x00000000        0x0 build/console.o
 .note.GNU-stack
                0x00000000        0x0 build/main.o
 .note.GNU-stack
                0x00000000        0x0 build/string.o
 .note.GNU-stack
                0x00000000        0x0 build/gdt.o
 .note.GNU-stack
                0x00000000        0x0 build/traps.o
 .note.GNU-stack
                0x00000000        0x0 build/keyboard.o
 .note.GNU-stack
                0x00000000        0x0 build/unistd.o
 .note.GNU-stack
                0x00000000        0x0 build/sched.o
 .note.GNU-stack
                0x00000000        0x0 build/mm.o
