
Discarded input sections

 .group         0x00000000        0x8 build/console.o
 .group         0x00000000        0x8 build/console.o
 .group         0x00000000        0x8 build/main.o
 .text.__x86.get_pc_thunk.bx
                0x00000000        0x4 build/main.o
 .group         0x00000000        0x8 build/string.o
 .group         0x00000000        0x8 build/gdt.o
 .text.__x86.get_pc_thunk.ax
                0x00000000        0x4 build/gdt.o
 .group         0x00000000        0x8 build/traps.o
 .group         0x00000000        0x8 build/traps.o
 .group         0x00000000        0x8 build/traps.o
 .text.__x86.get_pc_thunk.ax
                0x00000000        0x4 build/traps.o
 .text.__x86.get_pc_thunk.bx
                0x00000000        0x4 build/traps.o
 .group         0x00000000        0x8 build/keyboard.o
 .group         0x00000000        0x8 build/keyboard.o
 .text.__x86.get_pc_thunk.dx
                0x00000000        0x4 build/keyboard.o
 .text.__x86.get_pc_thunk.bx
                0x00000000        0x4 build/keyboard.o
 .group         0x00000000        0x8 build/unistd.o
 .text.__x86.get_pc_thunk.bx
                0x00000000        0x4 build/unistd.o
 .group         0x00000000        0x8 build/sched.o
 .group         0x00000000        0x8 build/sched.o
 .group         0x00000000        0x8 build/sched.o
 .text.__x86.get_pc_thunk.ax
                0x00000000        0x4 build/sched.o
 .text.__x86.get_pc_thunk.dx
                0x00000000        0x4 build/sched.o
 .text.__x86.get_pc_thunk.bx
                0x00000000        0x4 build/sched.o
 .group         0x00000000        0x8 build/mm.o
 .text.__x86.get_pc_thunk.bx
                0x00000000        0x4 build/mm.o

Memory Configuration

Name             Origin             Length             Attributes
*default*        0x00000000         0xffffffff

Linker script and memory map

                0x00100000                        . = 0x100000

.text           0x00100000     0x15d8
 *(.text)
 .text          0x00100000      0x2e1 build/console.o
                0x00100000                kernel_panic
                0x00100012                put_c
                0x0010004d                enable_cursor
                0x001000c8                update_cursor
                0x00100126                scroll
                0x00100178                printk
                0x00100236                clear
                0x001002b9                ConsoleInstall
 .text          0x001002e1      0x177 build/main.o
                0x001002e1                funct3
                0x0010032c                funct
                0x00100377                funct2
                0x001003dc                kernel_main
 *fill*         0x00100458        0x8 
 .text          0x00100460       0x3a build/entry.asm.o
                0x0010046c                start
                0x0010047d                remapPIC
 .text          0x0010049a       0xa8 build/string.o
                0x0010049a                strlen
                0x001004aa                strcmp
                0x001004cb                itoa
 .text          0x00100542      0x10c build/gdt.o
                0x00100542                setGdtDescriptor
                0x00100588                addTssDescriptor
                0x001005ba                GdtInstall
 .text          0x0010064e      0x4cf build/traps.o
                0x0010064e                zero_handler
                0x0010066e                syscall_handler
                0x00100699                pit_handler
                0x001006e4                keyboard_handler
                0x00100708                setIdtDescriptor
                0x0010073d                panic
                0x00100992                invalid_tss_handler
                0x001009ad                double_fault_handler
                0x001009c8                page_fault_handler
                0x001009e3                coprocessor_error_handler
                0x001009fe                overflow_handler
                0x00100a19                bounds_handler
                0x00100a34                general_protection_handler
                0x00100a4f                IdtInstall
 *fill*         0x00100b1d        0x3 
 .text          0x00100b20       0x41 build/io.asm.o
                0x00100b20                insb
                0x00100b29                insw
                0x00100b33                inl
                0x00100b3c                outb
                0x00100b48                outw
                0x00100b55                outl
 .text          0x00100b61      0x6f7 build/keyboard.o
                0x00100b61                addCharacter
                0x00100b8f                keyboard_handler_ext
 .text          0x00101258       0x1d build/unistd.o
                0x00101258                sleep
 .text          0x00101275      0x2c5 build/sched.o
                0x00101275                yo
                0x00101276                func
                0x00101296                check_callouts
                0x001012c5                do_sleep
                0x001012f9                createProcess
                0x001013c8                is_valid_process
                0x001013ea                getCurrentPID
                0x001013fd                copyProcess
                0x00101476                switch_to
                0x001014c6                yield
                0x00101523                switch_current
 .text          0x0010153a       0x69 build/mm.o
                0x0010153a                init_paging
 *fill*         0x001015a3        0xd 
 .text          0x001015b0       0x18 build/mm.asm.o
                0x001015b0                enablePaging
                0x001015bd                loadPageDirectory
 *fill*         0x001015c8        0x8 
 .text          0x001015d0        0x8 build/traps.asm.o
                0x001015d0                pit_handler_stub

.text.__x86.get_pc_thunk.ax
                0x001015d8        0x4
 .text.__x86.get_pc_thunk.ax
                0x001015d8        0x4 build/console.o
                0x001015d8                __x86.get_pc_thunk.ax

.text.__x86.get_pc_thunk.bx
                0x001015dc        0x4
 .text.__x86.get_pc_thunk.bx
                0x001015dc        0x4 build/console.o
                0x001015dc                __x86.get_pc_thunk.bx

.iplt           0x001015e0        0x0
 .iplt          0x001015e0        0x0 build/console.o

.text.__x86.get_pc_thunk.dx
                0x001015e0        0x4
 .text.__x86.get_pc_thunk.dx
                0x001015e0        0x4 build/string.o
                0x001015e0                __x86.get_pc_thunk.dx

.text.__x86.get_pc_thunk.cx
                0x001015e4        0x4
 .text.__x86.get_pc_thunk.cx
                0x001015e4        0x4 build/traps.o
                0x001015e4                __x86.get_pc_thunk.cx

.asm
 *(.asm)

.rodata
 *(.rodata)

.rodata.str1.1  0x001015e8      0x2fb
 .rodata.str1.1
                0x001015e8      0x2fb build/console.o
                                 0x33 (size before relaxing)
 .rodata.str1.1
                0x001018e3       0x81 build/main.o
 .rodata.str1.1
                0x001018e3       0x48 build/string.o
 .rodata.str1.1
                0x001018e3      0x148 build/traps.o
 .rodata.str1.1
                0x001018e3       0xbd build/keyboard.o
 .rodata.str1.1
                0x001018e3       0x16 build/sched.o

.eh_frame       0x001018e4      0xa74
 .eh_frame      0x001018e4      0x210 build/console.o
 .eh_frame      0x00101af4       0xe0 build/main.o
                                0x10c (size before relaxing)
 .eh_frame      0x00101bd4       0x74 build/string.o
                                 0x8c (size before relaxing)
 .eh_frame      0x00101c48       0x58 build/gdt.o
                                 0x84 (size before relaxing)
 .eh_frame      0x00101ca0      0x300 build/traps.o
                                0x340 (size before relaxing)
 .eh_frame      0x00101fa0      0x1f8 build/keyboard.o
                                0x238 (size before relaxing)
 .eh_frame      0x00102198       0x24 build/unistd.o
                                 0x50 (size before relaxing)
 .eh_frame      0x001021bc      0x164 build/sched.o
                                0x1b8 (size before relaxing)
 .eh_frame      0x00102320       0x38 build/mm.o
                                 0x64 (size before relaxing)

.rel.dyn        0x00102358        0x0
 .rel.got       0x00102358        0x0 build/console.o
 .rel.iplt      0x00102358        0x0 build/console.o

.data           0x00103000        0x4
 *(.data)
 .data          0x00103000        0x0 build/console.o
 .data          0x00103000        0x0 build/main.o
 .data          0x00103000        0x0 build/string.o
 .data          0x00103000        0x0 build/gdt.o
 .data          0x00103000        0x0 build/traps.o
 .data          0x00103000        0x0 build/keyboard.o
 .data          0x00103000        0x0 build/unistd.o
 .data          0x00103000        0x4 build/sched.o
 .data          0x00103004        0x0 build/mm.o

.got            0x00103004        0x0
 .got           0x00103004        0x0 build/console.o

.got.plt        0x00103004        0xc
 .got.plt       0x00103004        0xc build/console.o
                0x00103004                _GLOBAL_OFFSET_TABLE_

.igot.plt       0x00103010        0x0
 .igot.plt      0x00103010        0x0 build/console.o

.data.rel.local
                0x00103010        0x8
 .data.rel.local
                0x00103010        0x8 build/sched.o
                0x00103010                next
                0x00103014                current

.bss            0x00104000   0x428000
 *(COMMON)
 *(.bss)
 .bss           0x00104000       0x10 build/console.o
                0x00104000                value
                0x00104004                y
                0x00104008                x
                0x0010400c                framebuffer
 .bss           0x00104010        0xc build/main.o
                0x00104010                process3
                0x00104014                newProc
                0x00104018                newProcess
 .bss           0x0010401c    0x10000 build/entry.asm.o
 .bss           0x0011401c        0x0 build/string.o
 *fill*         0x0011401c        0x4 
 .bss           0x00114020    0x10006 build/gdt.o
                0x00114020                gdt_table
                0x00124020                Gdtr
 *fill*         0x00124026        0x2 
 .bss           0x00124028      0x830 build/traps.o
                0x00124028                ticks
                0x00124030                idt_table
                0x00124830                Idtr
                0x00124836                multitasking_init
                0x00124838                current_eip
                0x0012483c                current_esp
                0x00124840                current_esi
                0x00124844                current_edi
                0x00124848                current_ebx
                0x0012484c                current_edx
                0x00124850                current_ecx
                0x00124854                current_eax
 *fill*         0x00124858        0x8 
 .bss           0x00124860     0x3038 build/keyboard.o
                0x00124860                pos
                0x00124864                scancode
                0x00124880                keyboard_buffer
 .bss           0x00127898        0x0 build/unistd.o
 *fill*         0x00127898        0x8 
 .bss           0x001278a0     0x2700 build/sched.o
                0x001278a0                processes_table
                0x00129da0                callouts
 *fill*         0x00129fa0       0x60 
 .bss           0x0012a000   0x402000 build/mm.o
                0x0012a000                phys_dir
                0x0012b000                page_tables
                0x0052b000                page_directory
LOAD build/console.o
LOAD build/main.o
LOAD build/entry.asm.o
LOAD build/string.o
LOAD build/gdt.o
LOAD build/traps.o
LOAD build/io.asm.o
LOAD build/keyboard.o
LOAD build/unistd.o
LOAD build/sched.o
LOAD build/mm.o
LOAD build/mm.asm.o
LOAD build/traps.asm.o
OUTPUT(iso/boot/kernel elf32-i386)

.debug_info     0x00000000     0x28fa
 .debug_info    0x00000000      0x446 build/console.o
 .debug_info    0x00000446      0x574 build/main.o
 .debug_info    0x000009ba      0x1d8 build/string.o
 .debug_info    0x00000b92      0x6db build/gdt.o
 .debug_info    0x0000126d      0x904 build/traps.o
 .debug_info    0x00001b71      0x482 build/keyboard.o
 .debug_info    0x00001ff3       0xaf build/unistd.o
 .debug_info    0x000020a2      0x6d8 build/sched.o
 .debug_info    0x0000277a      0x180 build/mm.o

.debug_abbrev   0x00000000      0xe00
 .debug_abbrev  0x00000000      0x1c0 build/console.o
 .debug_abbrev  0x000001c0      0x187 build/main.o
 .debug_abbrev  0x00000347       0xec build/string.o
 .debug_abbrev  0x00000433      0x1f9 build/gdt.o
 .debug_abbrev  0x0000062c      0x1df build/traps.o
 .debug_abbrev  0x0000080b      0x12d build/keyboard.o
 .debug_abbrev  0x00000938       0x79 build/unistd.o
 .debug_abbrev  0x000009b1      0x334 build/sched.o
 .debug_abbrev  0x00000ce5      0x11b build/mm.o

.debug_loclists
                0x00000000      0x60b
 .debug_loclists
                0x00000000      0x12b build/console.o
 .debug_loclists
                0x0000012b       0x26 build/main.o
 .debug_loclists
                0x00000151      0x14e build/string.o
 .debug_loclists
                0x0000029f      0x1d2 build/gdt.o
 .debug_loclists
                0x00000471       0x40 build/traps.o
 .debug_loclists
                0x000004b1       0xef build/sched.o
 .debug_loclists
                0x000005a0       0x6b build/mm.o

.debug_aranges  0x00000000      0x120
 .debug_aranges
                0x00000000       0x20 build/console.o
 .debug_aranges
                0x00000020       0x20 build/main.o
 .debug_aranges
                0x00000040       0x20 build/string.o
 .debug_aranges
                0x00000060       0x20 build/gdt.o
 .debug_aranges
                0x00000080       0x20 build/traps.o
 .debug_aranges
                0x000000a0       0x20 build/keyboard.o
 .debug_aranges
                0x000000c0       0x20 build/unistd.o
 .debug_aranges
                0x000000e0       0x20 build/sched.o
 .debug_aranges
                0x00000100       0x20 build/mm.o

.debug_rnglists
                0x00000000       0xcd
 .debug_rnglists
                0x00000000       0x34 build/console.o
 .debug_rnglists
                0x00000034       0x3c build/gdt.o
 .debug_rnglists
                0x00000070       0x39 build/sched.o
 .debug_rnglists
                0x000000a9       0x24 build/mm.o

.debug_line     0x00000000     0x11ed
 .debug_line    0x00000000      0x2da build/console.o
 .debug_line    0x000002da      0x126 build/main.o
 .debug_line    0x00000400      0x143 build/string.o
 .debug_line    0x00000543      0x18e build/gdt.o
 .debug_line    0x000006d1      0x222 build/traps.o
 .debug_line    0x000008f3      0x451 build/keyboard.o
 .debug_line    0x00000d44       0x5f build/unistd.o
 .debug_line    0x00000da3      0x361 build/sched.o
 .debug_line    0x00001104       0xe9 build/mm.o

.debug_str      0x00000000      0x65a
 .debug_str     0x00000000      0x65a build/console.o
                                0x225 (size before relaxing)
 .debug_str     0x0000065a      0x2aa build/main.o
 .debug_str     0x0000065a      0x1a9 build/string.o
 .debug_str     0x0000065a      0x295 build/gdt.o
 .debug_str     0x0000065a      0x428 build/traps.o
 .debug_str     0x0000065a      0x1f7 build/keyboard.o
 .debug_str     0x0000065a      0x184 build/unistd.o
 .debug_str     0x0000065a      0x339 build/sched.o
 .debug_str     0x0000065a      0x1d3 build/mm.o

.debug_line_str
                0x00000000      0x12e
 .debug_line_str
                0x00000000      0x12e build/console.o
                                 0xa5 (size before relaxing)
 .debug_line_str
                0x0000012e       0xac build/main.o
 .debug_line_str
                0x0000012e       0x79 build/string.o
 .debug_line_str
                0x0000012e       0x93 build/gdt.o
 .debug_line_str
                0x0000012e       0xc2 build/traps.o
 .debug_line_str
                0x0000012e       0xaf build/keyboard.o
 .debug_line_str
                0x0000012e       0x59 build/unistd.o
 .debug_line_str
                0x0000012e       0xa3 build/sched.o
 .debug_line_str
                0x0000012e       0x7c build/mm.o

.comment        0x00000000       0x2d
 .comment       0x00000000       0x2d build/console.o
                                 0x2e (size before relaxing)
 .comment       0x0000002d       0x2e build/main.o
 .comment       0x0000002d       0x2e build/string.o
 .comment       0x0000002d       0x2e build/gdt.o
 .comment       0x0000002d       0x2e build/traps.o
 .comment       0x0000002d       0x2e build/keyboard.o
 .comment       0x0000002d       0x2e build/unistd.o
 .comment       0x0000002d       0x2e build/sched.o
 .comment       0x0000002d       0x2e build/mm.o

.note.GNU-stack
                0x00000000        0x0
 .note.GNU-stack
                0x00000000        0x0 build/console.o
 .note.GNU-stack
                0x00000000        0x0 build/main.o
 .note.GNU-stack
                0x00000000        0x0 build/string.o
 .note.GNU-stack
                0x00000000        0x0 build/gdt.o
 .note.GNU-stack
                0x00000000        0x0 build/traps.o
 .note.GNU-stack
                0x00000000        0x0 build/keyboard.o
 .note.GNU-stack
                0x00000000        0x0 build/unistd.o
 .note.GNU-stack
                0x00000000        0x0 build/sched.o
 .note.GNU-stack
                0x00000000        0x0 build/mm.o
