
Discarded input sections

 .group         0x00000000        0x8 build/console.o
 .group         0x00000000        0x8 build/console.o
 .group         0x00000000        0x8 build/main.o
 .text.__x86.get_pc_thunk.bx
                0x00000000        0x4 build/main.o
 .group         0x00000000        0x8 build/string.o
 .group         0x00000000        0x8 build/gdt.o
 .text.__x86.get_pc_thunk.ax
                0x00000000        0x4 build/gdt.o
 .group         0x00000000        0x8 build/traps.o
 .group         0x00000000        0x8 build/traps.o
 .group         0x00000000        0x8 build/traps.o
 .text.__x86.get_pc_thunk.ax
                0x00000000        0x4 build/traps.o
 .text.__x86.get_pc_thunk.bx
                0x00000000        0x4 build/traps.o
 .group         0x00000000        0x8 build/keyboard.o
 .group         0x00000000        0x8 build/keyboard.o
 .text.__x86.get_pc_thunk.dx
                0x00000000        0x4 build/keyboard.o
 .text.__x86.get_pc_thunk.bx
                0x00000000        0x4 build/keyboard.o
 .group         0x00000000        0x8 build/unistd.o
 .text.__x86.get_pc_thunk.bx
                0x00000000        0x4 build/unistd.o
 .group         0x00000000        0x8 build/sched.o
 .group         0x00000000        0x8 build/sched.o
 .group         0x00000000        0x8 build/sched.o
 .text.__x86.get_pc_thunk.ax
                0x00000000        0x4 build/sched.o
 .text.__x86.get_pc_thunk.dx
                0x00000000        0x4 build/sched.o
 .text.__x86.get_pc_thunk.bx
                0x00000000        0x4 build/sched.o
 .group         0x00000000        0x8 build/mm.o
 .text.__x86.get_pc_thunk.bx
                0x00000000        0x4 build/mm.o

Memory Configuration

Name             Origin             Length             Attributes
*default*        0x00000000         0xffffffff

Linker script and memory map

                0x00100000                        . = 0x100000

.text           0x00100000     0x15c8
 *(.text)
 .text          0x00100000      0x2e1 build/console.o
                0x00100000                kernel_panic
                0x00100012                put_c
                0x0010004d                enable_cursor
                0x001000c8                update_cursor
                0x00100126                scroll
                0x00100178                printk
                0x00100236                clear
                0x001002b9                ConsoleInstall
 .text          0x001002e1       0x3a build/main.o
                0x001002e1                kernel_main
 *fill*         0x0010031b        0x5 
 .text          0x00100320       0x3a build/entry.asm.o
                0x0010032c                start
                0x0010033d                remapPIC
 .text          0x0010035a       0xa8 build/string.o
                0x0010035a                strlen
                0x0010036a                strcmp
                0x0010038b                itoa
 .text          0x00100402      0x10c build/gdt.o
                0x00100402                setGdtDescriptor
                0x00100448                addTssDescriptor
                0x0010047a                GdtInstall
 .text          0x0010050e      0x4c3 build/traps.o
                0x0010050e                zero_handler
                0x0010052e                syscall_handler
                0x00100559                pit_handler
                0x00100598                keyboard_handler
                0x001005bc                setIdtDescriptor
                0x001005f1                panic
                0x00100846                invalid_tss_handler
                0x00100861                double_fault_handler
                0x0010087c                page_fault_handler
                0x00100897                coprocessor_error_handler
                0x001008b2                overflow_handler
                0x001008cd                bounds_handler
                0x001008e8                general_protection_handler
                0x00100903                IdtInstall
 *fill*         0x001009d1        0xf 
 .text          0x001009e0       0x41 build/io.asm.o
                0x001009e0                insb
                0x001009e9                insw
                0x001009f3                inl
                0x001009fc                outb
                0x00100a08                outw
                0x00100a15                outl
 .text          0x00100a21      0x847 build/keyboard.o
                0x00100a21                funct3
                0x00100a6e                funct2
                0x00100abb                funct
                0x00100b18                addCharacter
                0x00100b46                keyboard_handler_ext
 .text          0x00101268       0x1d build/unistd.o
                0x00101268                sleep
 .text          0x00101285      0x2ae build/sched.o
                0x00101285                yo
                0x00101286                func
                0x001012a6                check_callouts
                0x001012d5                do_sleep
                0x00101309                createProcess
                0x001013d8                getCurrentPID
                0x001013eb                copyProcess
                0x001014aa                switch_to
                0x001014b5                yield
                0x0010151c                switch_current
 .text          0x00101533       0x69 build/mm.o
                0x00101533                init_paging
 *fill*         0x0010159c        0x4 
 .text          0x001015a0       0x18 build/mm.asm.o
                0x001015a0                enablePaging
                0x001015ad                loadPageDirectory
 *fill*         0x001015b8        0x8 
 .text          0x001015c0        0x8 build/traps.asm.o
                0x001015c0                pit_handler_stub

.text.__x86.get_pc_thunk.ax
                0x001015c8        0x4
 .text.__x86.get_pc_thunk.ax
                0x001015c8        0x4 build/console.o
                0x001015c8                __x86.get_pc_thunk.ax

.text.__x86.get_pc_thunk.bx
                0x001015cc        0x4
 .text.__x86.get_pc_thunk.bx
                0x001015cc        0x4 build/console.o
                0x001015cc                __x86.get_pc_thunk.bx

.iplt           0x001015d0        0x0
 .iplt          0x001015d0        0x0 build/console.o

.text.__x86.get_pc_thunk.dx
                0x001015d0        0x4
 .text.__x86.get_pc_thunk.dx
                0x001015d0        0x4 build/string.o
                0x001015d0                __x86.get_pc_thunk.dx

.text.__x86.get_pc_thunk.cx
                0x001015d4        0x4
 .text.__x86.get_pc_thunk.cx
                0x001015d4        0x4 build/traps.o
                0x001015d4                __x86.get_pc_thunk.cx

.asm
 *(.asm)

.rodata
 *(.rodata)

.rodata.str1.1  0x001015d8      0x30c
 .rodata.str1.1
                0x001015d8      0x30c build/console.o
                                 0x33 (size before relaxing)
 .rodata.str1.1
                0x001018e4        0x3 build/main.o
 .rodata.str1.1
                0x001018e4       0x48 build/string.o
 .rodata.str1.1
                0x001018e4      0x148 build/traps.o
 .rodata.str1.1
                0x001018e4      0x148 build/keyboard.o
 .rodata.str1.1
                0x001018e4       0x16 build/sched.o

.eh_frame       0x001018e4      0xa84
 .eh_frame      0x001018e4      0x210 build/console.o
 .eh_frame      0x00101af4       0x24 build/main.o
                                 0x50 (size before relaxing)
 .eh_frame      0x00101b18       0x74 build/string.o
                                 0x8c (size before relaxing)
 .eh_frame      0x00101b8c       0x58 build/gdt.o
                                 0x84 (size before relaxing)
 .eh_frame      0x00101be4      0x2fc build/traps.o
                                0x33c (size before relaxing)
 .eh_frame      0x00101ee0      0x2d8 build/keyboard.o
                                0x318 (size before relaxing)
 .eh_frame      0x001021b8       0x24 build/unistd.o
                                 0x50 (size before relaxing)
 .eh_frame      0x001021dc      0x154 build/sched.o
                                0x1a8 (size before relaxing)
 .eh_frame      0x00102330       0x38 build/mm.o
                                 0x64 (size before relaxing)

.rel.dyn        0x00102368        0x0
 .rel.got       0x00102368        0x0 build/console.o
 .rel.iplt      0x00102368        0x0 build/console.o

.data           0x00103000        0x4
 *(.data)
 .data          0x00103000        0x0 build/console.o
 .data          0x00103000        0x0 build/main.o
 .data          0x00103000        0x0 build/string.o
 .data          0x00103000        0x0 build/gdt.o
 .data          0x00103000        0x0 build/traps.o
 .data          0x00103000        0x0 build/keyboard.o
 .data          0x00103000        0x0 build/unistd.o
 .data          0x00103000        0x4 build/sched.o
 .data          0x00103004        0x0 build/mm.o

.got            0x00103004        0x0
 .got           0x00103004        0x0 build/console.o

.got.plt        0x00103004        0xc
 .got.plt       0x00103004        0xc build/console.o
                0x00103004                _GLOBAL_OFFSET_TABLE_

.igot.plt       0x00103010        0x0
 .igot.plt      0x00103010        0x0 build/console.o

.data.rel.local
                0x00103010        0x8
 .data.rel.local
                0x00103010        0x8 build/sched.o
                0x00103010                next
                0x00103014                current

.bss            0x00104000   0x428000
 *(COMMON)
 *(.bss)
 .bss           0x00104000       0x10 build/console.o
                0x00104000                value
                0x00104004                y
                0x00104008                x
                0x0010400c                framebuffer
 .bss           0x00104010        0x0 build/main.o
 .bss           0x00104010    0x10000 build/entry.asm.o
 .bss           0x00114010        0x0 build/string.o
 .bss           0x00114010    0x10006 build/gdt.o
                0x00114010                gdt_table
                0x00124010                Gdtr
 *fill*         0x00124016        0x2 
 .bss           0x00124018      0x830 build/traps.o
                0x00124018                ticks
                0x00124020                idt_table
                0x00124820                Idtr
                0x00124828                current_eip
                0x0012482c                current_esp
                0x00124830                current_esi
                0x00124834                current_edi
                0x00124838                current_ebx
                0x0012483c                current_edx
                0x00124840                current_ecx
                0x00124844                current_eax
 *fill*         0x00124848       0x18 
 .bss           0x00124860     0x3038 build/keyboard.o
                0x00124860                process3
                0x00124864                newProc
                0x00124868                newProcess
                0x0012486c                pos
                0x00124870                scancode
                0x00124880                keyboard_buffer
 .bss           0x00127898        0x0 build/unistd.o
 *fill*         0x00127898        0x8 
 .bss           0x001278a0     0x2700 build/sched.o
                0x001278a0                processes_table
                0x00129da0                callouts
 *fill*         0x00129fa0       0x60 
 .bss           0x0012a000   0x402000 build/mm.o
                0x0012a000                phys_dir
                0x0012b000                page_tables
                0x0052b000                page_directory
LOAD build/console.o
LOAD build/main.o
LOAD build/entry.asm.o
LOAD build/string.o
LOAD build/gdt.o
LOAD build/traps.o
LOAD build/io.asm.o
LOAD build/keyboard.o
LOAD build/unistd.o
LOAD build/sched.o
LOAD build/mm.o
LOAD build/mm.asm.o
LOAD build/traps.asm.o
OUTPUT(iso/boot/kernel elf32-i386)

.debug_info     0x00000000     0x2830
 .debug_info    0x00000000      0x446 build/console.o
 .debug_info    0x00000446       0xf6 build/main.o
 .debug_info    0x0000053c      0x1d8 build/string.o
 .debug_info    0x00000714      0x6db build/gdt.o
 .debug_info    0x00000def      0x8e3 build/traps.o
 .debug_info    0x000016d2      0x8bf build/keyboard.o
 .debug_info    0x00001f91       0xaf build/unistd.o
 .debug_info    0x00002040      0x670 build/sched.o
 .debug_info    0x000026b0      0x180 build/mm.o

.debug_abbrev   0x00000000      0xd53
 .debug_abbrev  0x00000000      0x1c0 build/console.o
 .debug_abbrev  0x000001c0       0x8f build/main.o
 .debug_abbrev  0x0000024f       0xec build/string.o
 .debug_abbrev  0x0000033b      0x1f9 build/gdt.o
 .debug_abbrev  0x00000534      0x1d0 build/traps.o
 .debug_abbrev  0x00000704      0x1b4 build/keyboard.o
 .debug_abbrev  0x000008b8       0x79 build/unistd.o
 .debug_abbrev  0x00000931      0x307 build/sched.o
 .debug_abbrev  0x00000c38      0x11b build/mm.o

.debug_loclists
                0x00000000      0x5b2
 .debug_loclists
                0x00000000      0x12b build/console.o
 .debug_loclists
                0x0000012b      0x14e build/string.o
 .debug_loclists
                0x00000279      0x1d2 build/gdt.o
 .debug_loclists
                0x0000044b       0x40 build/traps.o
 .debug_loclists
                0x0000048b       0x26 build/keyboard.o
 .debug_loclists
                0x000004b1       0x96 build/sched.o
 .debug_loclists
                0x00000547       0x6b build/mm.o

.debug_aranges  0x00000000      0x120
 .debug_aranges
                0x00000000       0x20 build/console.o
 .debug_aranges
                0x00000020       0x20 build/main.o
 .debug_aranges
                0x00000040       0x20 build/string.o
 .debug_aranges
                0x00000060       0x20 build/gdt.o
 .debug_aranges
                0x00000080       0x20 build/traps.o
 .debug_aranges
                0x000000a0       0x20 build/keyboard.o
 .debug_aranges
                0x000000c0       0x20 build/unistd.o
 .debug_aranges
                0x000000e0       0x20 build/sched.o
 .debug_aranges
                0x00000100       0x20 build/mm.o

.debug_rnglists
                0x00000000       0xbd
 .debug_rnglists
                0x00000000       0x34 build/console.o
 .debug_rnglists
                0x00000034       0x3c build/gdt.o
 .debug_rnglists
                0x00000070       0x29 build/sched.o
 .debug_rnglists
                0x00000099       0x24 build/mm.o

.debug_line     0x00000000     0x11ca
 .debug_line    0x00000000      0x2da build/console.o
 .debug_line    0x000002da       0x79 build/main.o
 .debug_line    0x00000353      0x143 build/string.o
 .debug_line    0x00000496      0x18e build/gdt.o
 .debug_line    0x00000624      0x215 build/traps.o
 .debug_line    0x00000839      0x510 build/keyboard.o
 .debug_line    0x00000d49       0x5f build/unistd.o
 .debug_line    0x00000da8      0x339 build/sched.o
 .debug_line    0x000010e1       0xe9 build/mm.o

.debug_str      0x00000000      0x62e
 .debug_str     0x00000000      0x62e build/console.o
                                0x225 (size before relaxing)
 .debug_str     0x0000062e      0x1b2 build/main.o
 .debug_str     0x0000062e      0x1a9 build/string.o
 .debug_str     0x0000062e      0x295 build/gdt.o
 .debug_str     0x0000062e      0x410 build/traps.o
 .debug_str     0x0000062e      0x2c4 build/keyboard.o
 .debug_str     0x0000062e      0x184 build/unistd.o
 .debug_str     0x0000062e      0x319 build/sched.o
 .debug_str     0x0000062e      0x1d3 build/mm.o

.debug_line_str
                0x00000000      0x12e
 .debug_line_str
                0x00000000      0x12e build/console.o
                                 0xa5 (size before relaxing)
 .debug_line_str
                0x0000012e       0x65 build/main.o
 .debug_line_str
                0x0000012e       0x79 build/string.o
 .debug_line_str
                0x0000012e       0x93 build/gdt.o
 .debug_line_str
                0x0000012e       0xbc build/traps.o
 .debug_line_str
                0x0000012e       0xba build/keyboard.o
 .debug_line_str
                0x0000012e       0x59 build/unistd.o
 .debug_line_str
                0x0000012e       0xa3 build/sched.o
 .debug_line_str
                0x0000012e       0x7c build/mm.o

.comment        0x00000000       0x2d
 .comment       0x00000000       0x2d build/console.o
                                 0x2e (size before relaxing)
 .comment       0x0000002d       0x2e build/main.o
 .comment       0x0000002d       0x2e build/string.o
 .comment       0x0000002d       0x2e build/gdt.o
 .comment       0x0000002d       0x2e build/traps.o
 .comment       0x0000002d       0x2e build/keyboard.o
 .comment       0x0000002d       0x2e build/unistd.o
 .comment       0x0000002d       0x2e build/sched.o
 .comment       0x0000002d       0x2e build/mm.o

.note.GNU-stack
                0x00000000        0x0
 .note.GNU-stack
                0x00000000        0x0 build/console.o
 .note.GNU-stack
                0x00000000        0x0 build/main.o
 .note.GNU-stack
                0x00000000        0x0 build/string.o
 .note.GNU-stack
                0x00000000        0x0 build/gdt.o
 .note.GNU-stack
                0x00000000        0x0 build/traps.o
 .note.GNU-stack
                0x00000000        0x0 build/keyboard.o
 .note.GNU-stack
                0x00000000        0x0 build/unistd.o
 .note.GNU-stack
                0x00000000        0x0 build/sched.o
 .note.GNU-stack
                0x00000000        0x0 build/mm.o
